[backblue.gif]
[fade.gif]
[index.html]
[www.spruko.com/demo/dashpro/Dashpro/assets/img/brand/dark-logo.png]
[www.spruko.com/demo/dashpro/Dashpro/assets/img/brand/logo.png]
[www.spruko.com/demo/dashpro/Dashpro/assets/img/users/9.jpg]
[www.spruko.com/demo/dashpro/Dashpro/assets/img/users/1.jpg]
[www.spruko.com/demo/dashpro/Dashpro/assets/img/pngs/img-1.png]
[www.spruko.com/demo/dashpro/Dashpro/assets/img/pngs/img-2.png]
[www.spruko.com/demo/dashpro/Dashpro/assets/plugins/jquery/jquery.min.js]
[www.spruko.com/demo/dashpro/Dashpro/assets/plugins/bootstrap/js/popper.min.js]
[www.spruko.com/demo/dashpro/Dashpro/assets/plugins/bootstrap/js/bootstrap.min.js]
[www.spruko.com/demo/dashpro/Dashpro/assets/js/apexcharts.js]
[www.spruko.com/demo/dashpro/Dashpro/assets/plugins/chart.js/Chart.bundle.min.js]
[www.spruko.com/demo/dashpro/Dashpro/assets/plugins/peity/jquery.peity.min.js]
[www.spruko.com/demo/dashpro/Dashpro/assets/plugins/select2/js/select2.min.js]
[www.spruko.com/demo/dashpro/Dashpro/assets/plugins/datatable/jquery.dataTables.min.js]
[www.spruko.com/demo/dashpro/Dashpro/assets/plugins/datatable/dataTables.bootstrap4.min.js]
[www.spruko.com/demo/dashpro/Dashpro/assets/js/table-data.js]
[www.spruko.com/demo/dashpro/Dashpro/assets/plugins/datatable/dataTables.responsive.min.js]
[www.spruko.com/demo/dashpro/Dashpro/assets/plugins/datatable/fileexport/dataTables.buttons.min.js]
[www.spruko.com/demo/dashpro/Dashpro/assets/plugins/datatable/fileexport/buttons.bootstrap4.min.js]
[www.spruko.com/demo/dashpro/Dashpro/assets/plugins/perfect-scrollbar/perfect-scrollbar.min.js]
[www.spruko.com/demo/dashpro/Dashpro/assets/js/select2.js]
[www.spruko.com/demo/dashpro/Dashpro/assets/plugins/sidebar/sidebar.js]
[www.spruko.com/demo/dashpro/Dashpro/assets/js/index.js]
[www.spruko.com/demo/dashpro/Dashpro/assets/js/sticky.js]
[www.spruko.com/demo/dashpro/Dashpro/assets/js/custom.js]
[www.spruko.com/demo/dashpro/Dashpro/assets/switcher/js/switcher.js]
[www.spruko.com/demo/dashpro/Dashpro/HTML-LTR/Horizontal-light/index.html]
[www.spruko.com/demo/dashpro/Dashpro/assets/plugins/bootstrap/css/bootstrap.min.css]
[www.spruko.com/demo/dashpro/Dashpro/assets/css/icons.css]
[www.spruko.com/demo/dashpro/Dashpro/assets/img/pngs/bg.png]
[www.spruko.com/demo/dashpro/Dashpro/assets/img/brand/3.png]
[www.spruko.com/demo/dashpro/Dashpro/assets/img/brand/4.png]
[www.spruko.com/demo/dashpro/Dashpro/assets/img/pngs/signin-1.png]
[www.spruko.com/demo/dashpro/Dashpro/assets/img/pngs/signin-2.png]
[www.spruko.com/demo/dashpro/Dashpro/assets/img/pngs/signin-3.png]
[www.spruko.com/demo/dashpro/Dashpro/assets/img/pngs/signup-1.png]
[www.spruko.com/demo/dashpro/Dashpro/assets/img/pngs/signup-2.png]
[www.spruko.com/demo/dashpro/Dashpro/assets/img/pngs/Backgrounds.png]
[www.spruko.com/demo/dashpro/Dashpro/assets/img/pngs/Bitcoins.png]
[www.spruko.com/demo/dashpro/Dashpro/assets/img/media/bg-img.jpg]
[www.spruko.com/demo/dashpro/Dashpro/assets/img/media/Stars.png]
[www.spruko.com/demo/dashpro/Dashpro/assets/img/media/bitcoin-background.png]
[www.spruko.com/demo/dashpro/Dashpro/assets/img/media/bitcoin.png]
[www.spruko.com/demo/dashpro/Dashpro/assets/plugins/owl-carousel/cursor.png]
[www.spruko.com/demo/dashpro/Dashpro/assets/img/media/3.jpg]
[www.spruko.com/demo/dashpro/Dashpro/assets/img/media/1.jpg]
[www.spruko.com/demo/dashpro/Dashpro/assets/img/media/2.jpg]
[www.spruko.com/demo/dashpro/Dashpro/assets/img/media/b1.jpg]
[www.spruko.com/demo/dashpro/Dashpro/assets/css/style.css]
[www.spruko.com/demo/dashpro/Dashpro/assets/css/dark-boxed.css]
[www.spruko.com/demo/dashpro/Dashpro/assets/css/boxed.css]
[www.spruko.com/demo/dashpro/Dashpro/assets/css/skins.css]
[www.spruko.com/demo/dashpro/Dashpro/assets/img/pngs/bg1.png]
[www.spruko.com/demo/dashpro/Dashpro/assets/img/pngs/dark-signup-1.png]
[www.spruko.com/demo/dashpro/Dashpro/assets/img/pngs/dark-signup-2.png]
[www.spruko.com/demo/dashpro/Dashpro/assets/css/dark-style.css]
[www.spruko.com/demo/dashpro/Dashpro/assets/css/colors/color.css]
[www.spruko.com/demo/dashpro/Dashpro/assets/plugins/select2/css/select2.min.css]
[www.spruko.com/demo/dashpro/Dashpro/assets/plugins/perfect-scrollbar/perfect-scrollbar.css]
[www.spruko.com/demo/dashpro/Dashpro/assets/plugins/datatable/dataTables.bootstrap4.min.css]
[www.spruko.com/demo/dashpro/Dashpro/assets/plugins/datatable/responsivebootstrap4.min.css]
[www.spruko.com/demo/dashpro/Dashpro/assets/plugins/datatable/fileexport/buttons.bootstrap4.min.css]
[www.spruko.com/demo/dashpro/Dashpro/assets/switcher/css/switcher.css]
[www.spruko.com/demo/dashpro/Dashpro/assets/switcher/img/2.png]
[www.spruko.com/demo/dashpro/Dashpro/assets/switcher/img/1.png]
[www.spruko.com/demo/dashpro/Dashpro/assets/switcher/img/4.png]
[www.spruko.com/demo/dashpro/Dashpro/assets/switcher/img/5.png]
[www.spruko.com/demo/dashpro/Dashpro/assets/switcher/img/6.png]
[www.spruko.com/demo/dashpro/Dashpro/assets/switcher/img/3.png]
[www.spruko.com/demo/dashpro/Dashpro/assets/switcher/img/8.png]
[www.spruko.com/demo/dashpro/Dashpro/assets/switcher/img/7.png]
[www.spruko.com/demo/dashpro/Dashpro/assets/switcher/img/10.png]
[www.spruko.com/demo/dashpro/Dashpro/assets/switcher/img/11.png]
[www.spruko.com/demo/dashpro/Dashpro/assets/switcher/img/12.png]
[www.spruko.com/demo/dashpro/Dashpro/assets/switcher/img/13.png]
[www.spruko.com/demo/dashpro/Dashpro/assets/switcher/demo.css]
[www.spruko.com/demo/dashpro/Dashpro/assets/img/users/6.jpg]
[www.spruko.com/demo/dashpro/Dashpro/assets/img/users/12.jpg]
[www.spruko.com/demo/dashpro/Dashpro/assets/img/users/3.jpg]
[www.spruko.com/demo/dashpro/Dashpro/assets/img/users/5.jpg]
[www.spruko.com/demo/dashpro/Dashpro/assets/img/media/4.jpg]
[www.spruko.com/demo/dashpro/Dashpro/assets/img/media/5.jpg]
[www.spruko.com/demo/dashpro/Dashpro/assets/img/users/7.jpg]
[www.spruko.com/demo/dashpro/Dashpro/assets/img/users/2.jpg]
[www.spruko.com/demo/dashpro/Dashpro/assets/img/users/4.jpg]
[www.spruko.com/demo/dashpro/Dashpro/assets/img/users/10.jpg]
[www.spruko.com/demo/dashpro/Dashpro/assets/img/media/7.jpg]
[www.spruko.com/demo/dashpro/Dashpro/assets/img/users/11.jpg]
[www.spruko.com/demo/dashpro/Dashpro/assets/img/media/6.jpg]
[www.spruko.com/demo/dashpro/Dashpro/assets/img/media/8.jpg]
[www.spruko.com/demo/dashpro/Dashpro/assets/img/media/9.jpg]
[www.spruko.com/demo/dashpro/Dashpro/assets/img/users/8.jpg]
[www.spruko.com/demo/dashpro/Dashpro/assets/plugins/gallery/picturefill.js]
[www.spruko.com/demo/dashpro/Dashpro/assets/plugins/gallery/lightgallery.js]
[www.spruko.com/demo/dashpro/Dashpro/assets/plugins/gallery/lightgallery-1.js]
[www.spruko.com/demo/dashpro/Dashpro/assets/plugins/gallery/lg-pager.js]
[www.spruko.com/demo/dashpro/Dashpro/assets/plugins/gallery/lg-autoplay.js]
[www.spruko.com/demo/dashpro/Dashpro/assets/plugins/gallery/lg-fullscreen.js]
[www.spruko.com/demo/dashpro/Dashpro/assets/plugins/gallery/lg-zoom.js]
[www.spruko.com/demo/dashpro/Dashpro/assets/plugins/gallery/lg-hash.js]
[www.spruko.com/demo/dashpro/Dashpro/assets/plugins/gallery/lg-share.js]
[www.spruko.com/demo/dashpro/Dashpro/HTML-LTR/Horizontal-light/profile.html]
[www.spruko.com/demo/dashpro/Dashpro/HTML-LTR/Horizontal-light/lockscreen.html]
[www.spruko.com/demo/dashpro/Dashpro/HTML-LTR/Horizontal-light/signin.html]
[www.spruko.com/demo/dashpro/Dashpro/HTML-LTR/Horizontal-light/crypto-market.html]
[www.spruko.com/demo/dashpro/Dashpro/assets/js/crypto-exchange.js]
[www.spruko.com/demo/dashpro/Dashpro/HTML-LTR/Horizontal-light/crypto-currency-exchange.html]
[www.spruko.com/demo/dashpro/Dashpro/assets/img/visa.png]
[www.spruko.com/demo/dashpro/Dashpro/assets/img/mastercard.png]
[www.spruko.com/demo/dashpro/Dashpro/assets/img/paypal.png]
[www.spruko.com/demo/dashpro/Dashpro/assets/img/amex.png]
[www.spruko.com/demo/dashpro/Dashpro/assets/js/crypto-buysell.js]
[www.spruko.com/demo/dashpro/Dashpro/HTML-LTR/Horizontal-light/crypto-buy-sell.html]
[www.spruko.com/demo/dashpro/Dashpro/assets/img/pngs/qrcode.png]
[www.spruko.com/demo/dashpro/Dashpro/HTML-LTR/Horizontal-light/crypto-wallet.html]
[www.spruko.com/demo/dashpro/Dashpro/HTML-LTR/Horizontal-light/crypto-transcations.html]
[www.spruko.com/demo/dashpro/Dashpro/assets/img/pngs/20.png]
[www.spruko.com/demo/dashpro/Dashpro/assets/img/pngs/21.png]
[www.spruko.com/demo/dashpro/Dashpro/assets/img/pngs/22.png]
[www.spruko.com/demo/dashpro/Dashpro/assets/img/pngs/23.png]
[www.spruko.com/demo/dashpro/Dashpro/assets/img/pngs/24.png]
[www.spruko.com/demo/dashpro/Dashpro/assets/js/index2.js]
[www.spruko.com/demo/dashpro/Dashpro/HTML-LTR/Horizontal-light/index2.html]
[www.spruko.com/demo/dashpro/Dashpro/assets/img/pngs/25.png]
[www.spruko.com/demo/dashpro/Dashpro/assets/img/pngs/26.png]
[www.spruko.com/demo/dashpro/Dashpro/assets/img/pngs/27.png]
[www.spruko.com/demo/dashpro/Dashpro/assets/img/pngs/28.png]
[www.spruko.com/demo/dashpro/Dashpro/assets/img/pngs/29.png]
[www.spruko.com/demo/dashpro/Dashpro/assets/img/pngs/30.png]
[www.spruko.com/demo/dashpro/Dashpro/assets/img/pngs/31.png]
[www.spruko.com/demo/dashpro/Dashpro/assets/img/pngs/32.png]
[www.spruko.com/demo/dashpro/Dashpro/assets/img/pngs/37.png]
[www.spruko.com/demo/dashpro/Dashpro/assets/img/pngs/33.png]
[www.spruko.com/demo/dashpro/Dashpro/assets/img/pngs/34.png]
[www.spruko.com/demo/dashpro/Dashpro/assets/img/pngs/35.png]
[www.spruko.com/demo/dashpro/Dashpro/assets/img/pngs/36.png]
[www.spruko.com/demo/dashpro/Dashpro/assets/plugins/othercharts/jquery.sparkline.min.js]
[www.spruko.com/demo/dashpro/Dashpro/assets/js/index3.js]
[www.spruko.com/demo/dashpro/Dashpro/HTML-LTR/Horizontal-light/index3.html]
[www.spruko.com/demo/dashpro/Dashpro/assets/img/pngs/14.png]
[www.spruko.com/demo/dashpro/Dashpro/assets/img/pngs/15.png]
[www.spruko.com/demo/dashpro/Dashpro/assets/img/pngs/16.png]
[www.spruko.com/demo/dashpro/Dashpro/assets/img/pngs/17.png]
[www.spruko.com/demo/dashpro/Dashpro/assets/img/pngs/18.png]
[www.spruko.com/demo/dashpro/Dashpro/assets/img/pngs/19.png]
[www.spruko.com/demo/dashpro/Dashpro/assets/js/ecommerce-dashboard.js]
[www.spruko.com/demo/dashpro/Dashpro/HTML-LTR/Horizontal-light/ecommerce-dashboard.html]
[www.spruko.com/demo/dashpro/Dashpro/assets/img/pngs/1.png]
[www.spruko.com/demo/dashpro/Dashpro/assets/img/pngs/01.png]
[www.spruko.com/demo/dashpro/Dashpro/assets/img/pngs/2.png]
[www.spruko.com/demo/dashpro/Dashpro/assets/img/pngs/02.png]
[www.spruko.com/demo/dashpro/Dashpro/assets/img/pngs/3.png]
[www.spruko.com/demo/dashpro/Dashpro/assets/img/pngs/03.png]
[www.spruko.com/demo/dashpro/Dashpro/assets/img/pngs/4.png]
[www.spruko.com/demo/dashpro/Dashpro/assets/img/pngs/04.png]
[www.spruko.com/demo/dashpro/Dashpro/assets/img/pngs/5.png]
[www.spruko.com/demo/dashpro/Dashpro/assets/img/pngs/05.png]
[www.spruko.com/demo/dashpro/Dashpro/assets/img/pngs/08.png]
[www.spruko.com/demo/dashpro/Dashpro/assets/img/pngs/8.png]
[www.spruko.com/demo/dashpro/Dashpro/assets/img/pngs/6.png]
[www.spruko.com/demo/dashpro/Dashpro/assets/img/pngs/06.png]
[www.spruko.com/demo/dashpro/Dashpro/assets/img/pngs/7.png]
[www.spruko.com/demo/dashpro/Dashpro/assets/img/pngs/07.png]
[www.spruko.com/demo/dashpro/Dashpro/assets/img/pngs/9.png]
[www.spruko.com/demo/dashpro/Dashpro/assets/img/pngs/09.png]
[www.spruko.com/demo/dashpro/Dashpro/HTML-LTR/Horizontal-light/ecommerce-products.html]
[www.spruko.com/demo/dashpro/Dashpro/assets/img/pngs/chair-1.png]
[www.spruko.com/demo/dashpro/Dashpro/assets/img/pngs/chair-5.png]
[www.spruko.com/demo/dashpro/Dashpro/assets/img/pngs/chair-4.png]
[www.spruko.com/demo/dashpro/Dashpro/assets/img/pngs/chair-2.png]
[www.spruko.com/demo/dashpro/Dashpro/HTML-LTR/Horizontal-light/ecommerce-product-details.html]
[www.spruko.com/demo/dashpro/Dashpro/assets/img/pngs/shirt-1.png]
[www.spruko.com/demo/dashpro/Dashpro/HTML-LTR/Horizontal-light/ecommerce-cart.html]
[www.spruko.com/demo/dashpro/Dashpro/assets/img/pngs/shirt-4.png]
[www.spruko.com/demo/dashpro/Dashpro/assets/plugins/checkout-jquery-steps/jquery.steps.min.js]
[www.spruko.com/demo/dashpro/Dashpro/assets/js/checkout-jquery-steps.js]
[www.spruko.com/demo/dashpro/Dashpro/HTML-LTR/Horizontal-light/ecommerce-checkout.html]
[www.spruko.com/demo/dashpro/Dashpro/assets/img/pngs/chair-3.png]
[www.spruko.com/demo/dashpro/Dashpro/HTML-LTR/Horizontal-light/ecommerce-orders.html]
[www.spruko.com/demo/dashpro/Dashpro/assets/img/pngs/shirt-3.png]
[www.spruko.com/demo/dashpro/Dashpro/HTML-LTR/Horizontal-light/ecommerce-account.html]
[www.spruko.com/demo/dashpro/Dashpro/assets/img/media/15.jpg]
[www.spruko.com/demo/dashpro/Dashpro/assets/img/media/16.jpg]
[www.spruko.com/demo/dashpro/Dashpro/assets/img/media/17.jpg]
[www.spruko.com/demo/dashpro/Dashpro/assets/img/media/14.jpg]
[www.spruko.com/demo/dashpro/Dashpro/assets/img/media/13.jpg]
[www.spruko.com/demo/dashpro/Dashpro/assets/plugins/jquery-ui/ui/widgets/datepicker.js]
[www.spruko.com/demo/dashpro/Dashpro/HTML-LTR/Horizontal-light/widgets.html]
[www.spruko.com/demo/dashpro/Dashpro/assets/js/check-all-mail.js]
[www.spruko.com/demo/dashpro/Dashpro/assets/js/chat.js]
[www.spruko.com/demo/dashpro/Dashpro/HTML-LTR/Horizontal-light/chat.html]
[www.spruko.com/demo/dashpro/Dashpro/assets/plugins/clipboard/clipboard.min.js]
[www.spruko.com/demo/dashpro/Dashpro/assets/plugins/clipboard/clipboard.js]
[www.spruko.com/demo/dashpro/Dashpro/assets/plugins/prism/prism.js]
[www.spruko.com/demo/dashpro/Dashpro/HTML-LTR/Horizontal-light/cards.html]
[www.spruko.com/demo/dashpro/Dashpro/assets/plugins/wysiwyag/mail-text.js]
[www.spruko.com/demo/dashpro/Dashpro/assets/js/form-editor1.js]
[www.spruko.com/demo/dashpro/Dashpro/assets/plugins/moment/moment.js]
[www.spruko.com/demo/dashpro/Dashpro/assets/plugins/bootstrap-daterangepicker/daterangepicker.js]
[www.spruko.com/demo/dashpro/Dashpro/assets/js/daterange.js]
[www.spruko.com/demo/dashpro/Dashpro/HTML-LTR/Horizontal-light/mail-compose.html]
[www.spruko.com/demo/dashpro/Dashpro/HTML-LTR/Horizontal-light/mail-inbox.html]
[www.spruko.com/demo/dashpro/Dashpro/assets/img/media/11.jpg]
[www.spruko.com/demo/dashpro/Dashpro/HTML-LTR/Horizontal-light/viewmail.html]
[www.spruko.com/demo/dashpro/Dashpro/assets/plugins/jquery.maskedinput/jquery.maskedinput.js]
[www.spruko.com/demo/dashpro/Dashpro/assets/plugins/spectrum-colorpicker/spectrum.js]
[www.spruko.com/demo/dashpro/Dashpro/assets/plugins/ion-rangeslider/js/ion.rangeSlider.min.js]
[www.spruko.com/demo/dashpro/Dashpro/assets/js/form-elements.js]
[www.spruko.com/demo/dashpro/Dashpro/HTML-LTR/Horizontal-light/form-elements.html]
[www.spruko.com/demo/dashpro/Dashpro/assets/plugins/bootstrap/js/bootstrap.bundle.min.js]
[www.spruko.com/demo/dashpro/Dashpro/assets/plugins/bootstrap-daterangepicker/moment.min.js]
[www.spruko.com/demo/dashpro/Dashpro/assets/plugins/fileuploads/js/fileupload.js]
[www.spruko.com/demo/dashpro/Dashpro/assets/plugins/fileuploads/js/file-upload.js]
[www.spruko.com/demo/dashpro/Dashpro/assets/plugins/fancyuploder/jquery.ui.widget.js]
[www.spruko.com/demo/dashpro/Dashpro/assets/plugins/fancyuploder/jquery.fileupload.js]
[www.spruko.com/demo/dashpro/Dashpro/assets/plugins/fancyuploder/jquery.iframe-transport.js]
[www.spruko.com/demo/dashpro/Dashpro/assets/plugins/fancyuploder/jquery.fancy-fileupload.js]
[www.spruko.com/demo/dashpro/Dashpro/assets/plugins/fancyuploder/fancy-uploader.js]
[www.spruko.com/demo/dashpro/Dashpro/assets/js/advanced-form-elements.js]
[www.spruko.com/demo/dashpro/Dashpro/assets/plugins/telephoneinput/telephoneinput.js]
[www.spruko.com/demo/dashpro/Dashpro/assets/plugins/telephoneinput/inttelephoneinput.js]
[www.spruko.com/demo/dashpro/Dashpro/HTML-LTR/Horizontal-light/form-advanced.html]
[www.spruko.com/demo/dashpro/Dashpro/assets/js/form-layouts.js]
[www.spruko.com/demo/dashpro/Dashpro/HTML-LTR/Horizontal-light/form-layouts.html]
[www.spruko.com/demo/dashpro/Dashpro/assets/plugins/parsleyjs/parsley.min.js]
[www.spruko.com/demo/dashpro/Dashpro/assets/js/form-validation.js]
[www.spruko.com/demo/dashpro/Dashpro/HTML-LTR/Horizontal-light/form-validation.html]
[www.spruko.com/demo/dashpro/Dashpro/assets/plugins/jquery-steps/jquery.steps.min.js]
[www.spruko.com/demo/dashpro/Dashpro/assets/plugins/accordion-Wizard-Form/jquery.accordion-wizard.min.js]
[www.spruko.com/demo/dashpro/Dashpro/assets/js/form-wizard.js]
[www.spruko.com/demo/dashpro/Dashpro/HTML-LTR/Horizontal-light/form-wizards.html]
[www.spruko.com/demo/dashpro/Dashpro/assets/plugins/quill/quill.min.js]
[www.spruko.com/demo/dashpro/Dashpro/assets/plugins/summernote/summernote-bs4.js]
[www.spruko.com/demo/dashpro/Dashpro/assets/js/form-editor.js]
[www.spruko.com/demo/dashpro/Dashpro/HTML-LTR/Horizontal-light/form-editor.html]
[www.spruko.com/demo/dashpro/Dashpro/assets/plugins/raphael/raphael.min.js]
[www.spruko.com/demo/dashpro/Dashpro/assets/plugins/morris.js/morris.min.js]
[www.spruko.com/demo/dashpro/Dashpro/assets/js/chart.morris.js]
[www.spruko.com/demo/dashpro/Dashpro/assets/plugins/multipleselect/multiple-select.js]
[www.spruko.com/demo/dashpro/Dashpro/assets/plugins/multipleselect/multi-select.js]
[www.spruko.com/demo/dashpro/Dashpro/HTML-LTR/Horizontal-light/chart-morris.html]
[www.spruko.com/demo/dashpro/Dashpro/assets/plugins/jquery.flot/jquery.flot.js]
[www.spruko.com/demo/dashpro/Dashpro/assets/plugins/jquery.flot/jquery.flot.pie.js]
[www.spruko.com/demo/dashpro/Dashpro/assets/plugins/jquery.flot/jquery.flot.resize.js]
[www.spruko.com/demo/dashpro/Dashpro/assets/js/chart.flot.js]
[www.spruko.com/demo/dashpro/Dashpro/HTML-LTR/Horizontal-light/chart-flot.html]
[www.spruko.com/demo/dashpro/Dashpro/assets/js/chart.chartjs.js]
[www.spruko.com/demo/dashpro/Dashpro/HTML-LTR/Horizontal-light/chart-chartjs.html]
[www.spruko.com/demo/dashpro/Dashpro/assets/plugins/jquery-sparkline/jquery.sparkline.min.js]
[www.spruko.com/demo/dashpro/Dashpro/assets/js/chart.sparkline.js]
[www.spruko.com/demo/dashpro/Dashpro/assets/js/chart.peity.js]
[www.spruko.com/demo/dashpro/Dashpro/HTML-LTR/Horizontal-light/chart-spark-peity.html]
[www.spruko.com/demo/dashpro/Dashpro/assets/plugins/echarts/echarts.js]
[www.spruko.com/demo/dashpro/Dashpro/assets/js/chart.echarts.js]
[www.spruko.com/demo/dashpro/Dashpro/HTML-LTR/Horizontal-light/chart-echart.html]
[www.spruko.com/demo/dashpro/Dashpro/assets/img/media/18.jpg]
[www.spruko.com/demo/dashpro/Dashpro/assets/plugins/counters/jquery.missofis-countdown.js]
[www.spruko.com/demo/dashpro/Dashpro/assets/plugins/counters/counterup.min.js]
[www.spruko.com/demo/dashpro/Dashpro/assets/plugins/counters/waypoints.min.js]
[www.spruko.com/demo/dashpro/Dashpro/assets/plugins/counters/counter.js]
[www.spruko.com/demo/dashpro/Dashpro/HTML-LTR/Horizontal-light/counters.html]
[www.spruko.com/demo/dashpro/Dashpro/assets/plugins/moment/min/moment.min.js]
[www.spruko.com/demo/dashpro/Dashpro/assets/plugins/fullcalendar/moment.min.js]
[www.spruko.com/demo/dashpro/Dashpro/assets/plugins/fullcalendar/fullcalendar.min.js]
[www.spruko.com/demo/dashpro/Dashpro/assets/js/app-calendar-events.js]
[www.spruko.com/demo/dashpro/Dashpro/assets/js/app-calendar.js]
[www.spruko.com/demo/dashpro/Dashpro/HTML-LTR/Horizontal-light/calendar.html]
[www.spruko.com/demo/dashpro/Dashpro/assets/js/contacts.js]
[www.spruko.com/demo/dashpro/Dashpro/HTML-LTR/Horizontal-light/contacts.html]
[www.spruko.com/demo/dashpro/Dashpro/HTML-LTR/Horizontal-light/alerts.html]
[www.spruko.com/demo/dashpro/Dashpro/HTML-LTR/Horizontal-light/avatar.html]
[www.spruko.com/demo/dashpro/Dashpro/HTML-LTR/Horizontal-light/breadcrumbs.html]
[www.spruko.com/demo/dashpro/Dashpro/assets/js/widgets.js]
[www.spruko.com/demo/dashpro/Dashpro/HTML-LTR/Horizontal-light/buttons.html]
[www.spruko.com/demo/dashpro/Dashpro/HTML-LTR/Horizontal-light/badge.html]
[www.spruko.com/demo/dashpro/Dashpro/HTML-LTR/Horizontal-light/dropdown.html]
[www.spruko.com/demo/dashpro/Dashpro/HTML-LTR/Horizontal-light/spinners.html]
[www.spruko.com/demo/dashpro/Dashpro/HTML-LTR/Horizontal-light/media-object.html]
[www.spruko.com/demo/dashpro/Dashpro/assets/plugins/lightslider/js/lightslider.min.js]
[www.spruko.com/demo/dashpro/Dashpro/assets/js/navigation.js]
[www.spruko.com/demo/dashpro/Dashpro/HTML-LTR/Horizontal-light/navigation.html]
[www.spruko.com/demo/dashpro/Dashpro/HTML-LTR/Horizontal-light/pagination.html]
[www.spruko.com/demo/dashpro/Dashpro/assets/js/popover.js]
[www.spruko.com/demo/dashpro/Dashpro/HTML-LTR/Horizontal-light/popover.html]
[www.spruko.com/demo/dashpro/Dashpro/HTML-LTR/Horizontal-light/progress.html]
[www.spruko.com/demo/dashpro/Dashpro/HTML-LTR/Horizontal-light/toast.html]
[www.spruko.com/demo/dashpro/Dashpro/assets/plugins/inputtags/inputtags.js]
[www.spruko.com/demo/dashpro/Dashpro/HTML-LTR/Horizontal-light/tags.html]
[www.spruko.com/demo/dashpro/Dashpro/assets/img/media/10.jpg]
[www.spruko.com/demo/dashpro/Dashpro/assets/img/media/12.jpg]
[www.spruko.com/demo/dashpro/Dashpro/HTML-LTR/Horizontal-light/thumbnails.html]
[www.spruko.com/demo/dashpro/Dashpro/HTML-LTR/Horizontal-light/list-group.html]
[www.spruko.com/demo/dashpro/Dashpro/HTML-LTR/Horizontal-light/typography.html]
[www.spruko.com/demo/dashpro/Dashpro/assets/js/tooltip.js]
[www.spruko.com/demo/dashpro/Dashpro/HTML-LTR/Horizontal-light/tooltip.html]
[www.spruko.com/demo/dashpro/Dashpro/assets/plugins/mapel/raphael.min.js]
[www.spruko.com/demo/dashpro/Dashpro/assets/plugins/mapel/jquery.mapael.js]
[www.spruko.com/demo/dashpro/Dashpro/assets/plugins/mapel/maps/france_departments.js]
[www.spruko.com/demo/dashpro/Dashpro/assets/plugins/mapel/maps/world_countries.js]
[www.spruko.com/demo/dashpro/Dashpro/assets/plugins/mapel/maps/usa_states.js]
[www.spruko.com/demo/dashpro/Dashpro/assets/js/mapelmaps.js]
[www.spruko.com/demo/dashpro/Dashpro/HTML-LTR/Horizontal-light/map-mapel.html]
[www.spruko.com/demo/dashpro/Dashpro/assets/plugins/jqvmap/jquery.vmap.min.js]
[www.spruko.com/demo/dashpro/Dashpro/assets/plugins/jqvmap/maps/jquery.vmap.world.js]
[www.spruko.com/demo/dashpro/Dashpro/assets/plugins/jqvmap/maps/jquery.vmap.usa.js]
[www.spruko.com/demo/dashpro/Dashpro/assets/plugins/jqvmap/maps/jquery.vmap.canada.js]
[www.spruko.com/demo/dashpro/Dashpro/assets/js/vector-map.js]
[www.spruko.com/demo/dashpro/Dashpro/assets/js/jquery.vmap.sampledata.js]
[www.spruko.com/demo/dashpro/Dashpro/HTML-LTR/Horizontal-light/map-vector.html]
[www.spruko.com/demo/dashpro/Dashpro/HTML-LTR/Horizontal-light/table-basic.html]
[www.spruko.com/demo/dashpro/Dashpro/assets/plugins/datatable/fileexport/jszip.min.js]
[www.spruko.com/demo/dashpro/Dashpro/assets/plugins/datatable/fileexport/pdfmake.min.js]
[www.spruko.com/demo/dashpro/Dashpro/assets/plugins/datatable/fileexport/vfs_fonts.js]
[www.spruko.com/demo/dashpro/Dashpro/assets/plugins/datatable/fileexport/buttons.html5.min.js]
[www.spruko.com/demo/dashpro/Dashpro/assets/plugins/datatable/fileexport/buttons.print.min.js]
[www.spruko.com/demo/dashpro/Dashpro/assets/plugins/datatable/fileexport/buttons.colVis.min.js]
[www.spruko.com/demo/dashpro/Dashpro/HTML-LTR/Horizontal-light/table-data.html]
[www.spruko.com/demo/dashpro/Dashpro/HTML-LTR/Horizontal-light/accordion.html]
[www.spruko.com/demo/dashpro/Dashpro/assets/img/media/19.jpg]
[www.spruko.com/demo/dashpro/Dashpro/assets/img/media/20.jpg]
[www.spruko.com/demo/dashpro/Dashpro/assets/plugins/owl-carousel/owl.carousel.js]
[www.spruko.com/demo/dashpro/Dashpro/assets/plugins/multislider/multislider.js]
[www.spruko.com/demo/dashpro/Dashpro/assets/js/carousel.js]
[www.spruko.com/demo/dashpro/Dashpro/HTML-LTR/Horizontal-light/carousel.html]
[www.spruko.com/demo/dashpro/Dashpro/HTML-LTR/Horizontal-light/collapse.html]
[www.spruko.com/demo/dashpro/Dashpro/assets/plugins/model-datepicker/js/datepicker.js]
[www.spruko.com/demo/dashpro/Dashpro/assets/plugins/model-datepicker/js/main.js]
[www.spruko.com/demo/dashpro/Dashpro/assets/js/modal.js]
[www.spruko.com/demo/dashpro/Dashpro/HTML-LTR/Horizontal-light/modals.html]
[www.spruko.com/demo/dashpro/Dashpro/HTML-LTR/Horizontal-light/timeline.html]
[www.spruko.com/demo/dashpro/Dashpro/assets/plugins/darggable/jquery-ui-darggable.min.js]
[www.spruko.com/demo/dashpro/Dashpro/assets/plugins/darggable/darggable.js]
[www.spruko.com/demo/dashpro/Dashpro/HTML-LTR/Horizontal-light/darggablecard.html]
[www.spruko.com/demo/dashpro/Dashpro/assets/plugins/sweet-alert/sweetalert.min.js]
[www.spruko.com/demo/dashpro/Dashpro/assets/plugins/sweet-alert/jquery.sweet-alert.js]
[www.spruko.com/demo/dashpro/Dashpro/HTML-LTR/Horizontal-light/sweet-alert.html]
[www.spruko.com/demo/dashpro/Dashpro/assets/plugins/rating/jquery.barrating.js]
[www.spruko.com/demo/dashpro/Dashpro/assets/plugins/rating/ratings.js]
[www.spruko.com/demo/dashpro/Dashpro/HTML-LTR/Horizontal-light/rating.html]
[www.spruko.com/demo/dashpro/Dashpro/HTML-LTR/Horizontal-light/search.html]
[www.spruko.com/demo/dashpro/Dashpro/HTML-LTR/Horizontal-light/userlist.html]
[www.spruko.com/demo/dashpro/Dashpro/HTML-LTR/Horizontal-light/blog.html]
[www.spruko.com/demo/dashpro/Dashpro/HTML-LTR/Horizontal-light/background.html]
[www.spruko.com/demo/dashpro/Dashpro/HTML-LTR/Horizontal-light/border.html]
[www.spruko.com/demo/dashpro/Dashpro/HTML-LTR/Horizontal-light/display.html]
[www.spruko.com/demo/dashpro/Dashpro/HTML-LTR/Horizontal-light/flex.html]
[www.spruko.com/demo/dashpro/Dashpro/HTML-LTR/Horizontal-light/height.html]
[www.spruko.com/demo/dashpro/Dashpro/HTML-LTR/Horizontal-light/margin.html]
[www.spruko.com/demo/dashpro/Dashpro/HTML-LTR/Horizontal-light/padding.html]
[www.spruko.com/demo/dashpro/Dashpro/HTML-LTR/Horizontal-light/position.html]
[www.spruko.com/demo/dashpro/Dashpro/HTML-LTR/Horizontal-light/width.html]
[www.spruko.com/demo/dashpro/Dashpro/HTML-LTR/Horizontal-light/extras.html]
[www.spruko.com/demo/dashpro/Dashpro/HTML-LTR/Horizontal-light/icons.html]
[www.spruko.com/demo/dashpro/Dashpro/HTML-LTR/Horizontal-light/icons2.html]
[www.spruko.com/demo/dashpro/Dashpro/HTML-LTR/Horizontal-light/icons3.html]
[www.spruko.com/demo/dashpro/Dashpro/HTML-LTR/Horizontal-light/icons4.html]
[www.spruko.com/demo/dashpro/Dashpro/HTML-LTR/Horizontal-light/icons5.html]
[www.spruko.com/demo/dashpro/Dashpro/HTML-LTR/Horizontal-light/icons6.html]
[www.spruko.com/demo/dashpro/Dashpro/HTML-LTR/Horizontal-light/icons7.html]
[www.spruko.com/demo/dashpro/Dashpro/HTML-LTR/Horizontal-light/icons8.html]
[www.spruko.com/demo/dashpro/Dashpro/HTML-LTR/Horizontal-light/icons9.html]
[www.spruko.com/demo/dashpro/Dashpro/HTML-LTR/Horizontal-light/icons10.html]
[www.spruko.com/demo/dashpro/Dashpro/HTML-LTR/Horizontal-light/icons11.html]
[www.spruko.com/demo/dashpro/Dashpro/HTML-LTR/Horizontal-light/invoice.html]
[www.spruko.com/demo/dashpro/Dashpro/HTML-LTR/Horizontal-light/pricing.html]
[www.spruko.com/demo/dashpro/Dashpro/HTML-LTR/Horizontal-light/message-success.html]
[www.spruko.com/demo/dashpro/Dashpro/HTML-LTR/Horizontal-light/message-danger.html]
[www.spruko.com/demo/dashpro/Dashpro/HTML-LTR/Horizontal-light/message-warning.html]
[www.spruko.com/demo/dashpro/Dashpro/HTML-LTR/Horizontal-light/gallery.html]
[www.spruko.com/demo/dashpro/Dashpro/HTML-LTR/Horizontal-light/faq.html]
[www.spruko.com/demo/dashpro/Dashpro/HTML-LTR/Horizontal-light/empty.html]
[www.spruko.com/demo/dashpro/Dashpro/HTML-LTR/Horizontal-light/signin2.html]
[www.spruko.com/demo/dashpro/Dashpro/HTML-LTR/Horizontal-light/signup.html]
[www.spruko.com/demo/dashpro/Dashpro/HTML-LTR/Horizontal-light/signup2.html]
[www.spruko.com/demo/dashpro/Dashpro/HTML-LTR/Horizontal-light/forgot.html]
[www.spruko.com/demo/dashpro/Dashpro/HTML-LTR/Horizontal-light/forgot2.html]
[www.spruko.com/demo/dashpro/Dashpro/HTML-LTR/Horizontal-light/reset.html]
[www.spruko.com/demo/dashpro/Dashpro/HTML-LTR/Horizontal-light/reset2.html]
[www.spruko.com/demo/dashpro/Dashpro/HTML-LTR/Horizontal-light/lockscreen2.html]
[www.spruko.com/demo/dashpro/Dashpro/assets/plugins/jquery-countdown/jquery.plugin.min.js]
[www.spruko.com/demo/dashpro/Dashpro/assets/plugins/jquery-countdown/jquery.countdown.js]
[www.spruko.com/demo/dashpro/Dashpro/assets/plugins/jquery-countdown/countdown.js]
[www.spruko.com/demo/dashpro/Dashpro/HTML-LTR/Horizontal-light/underconstruction.html]
[www.spruko.com/demo/dashpro/Dashpro/HTML-LTR/Horizontal-light/comingsoon.html]
[www.spruko.com/demo/dashpro/Dashpro/assets/img/media/404.png]
[www.spruko.com/demo/dashpro/Dashpro/HTML-LTR/Horizontal-light/404.html]
[www.spruko.com/demo/dashpro/Dashpro/HTML-LTR/Horizontal-light/404-1.html]
[www.spruko.com/demo/dashpro/Dashpro/assets/iconfonts/font-awesome/css/fa-brands-400.eot]
[www.spruko.com/demo/dashpro/Dashpro/assets/iconfonts/font-awesome/css/fa-brands-400d41d.eot]
[www.spruko.com/demo/dashpro/Dashpro/assets/iconfonts/font-awesome/css/fa-brands-400.woff2]
[www.spruko.com/demo/dashpro/Dashpro/assets/iconfonts/font-awesome/css/fa-brands-400.woff]
[www.spruko.com/demo/dashpro/Dashpro/assets/iconfonts/font-awesome/css/fa-brands-400.ttf]
[www.spruko.com/demo/dashpro/Dashpro/assets/iconfonts/font-awesome/css/fa-regular-400.eot]
[www.spruko.com/demo/dashpro/Dashpro/assets/iconfonts/font-awesome/css/fa-regular-400d41d.eot]
[www.spruko.com/demo/dashpro/Dashpro/assets/iconfonts/font-awesome/css/fa-regular-400.woff2]
[www.spruko.com/demo/dashpro/Dashpro/assets/iconfonts/font-awesome/css/fa-regular-400.woff]
[www.spruko.com/demo/dashpro/Dashpro/assets/iconfonts/font-awesome/css/fa-regular-400.ttf]
[www.spruko.com/demo/dashpro/Dashpro/assets/iconfonts/font-awesome/css/fa-solid-900.eot]
[www.spruko.com/demo/dashpro/Dashpro/assets/iconfonts/font-awesome/css/fa-solid-900d41d.eot]
[www.spruko.com/demo/dashpro/Dashpro/assets/iconfonts/font-awesome/css/fa-solid-900.woff2]
[www.spruko.com/demo/dashpro/Dashpro/assets/iconfonts/font-awesome/css/fa-solid-900.woff]
[www.spruko.com/demo/dashpro/Dashpro/assets/iconfonts/font-awesome/css/fa-solid-900.ttf]
[www.spruko.com/demo/dashpro/Dashpro/assets/iconfonts/font-awesome/css/font-awesome.min.css]
[www.spruko.com/demo/dashpro/Dashpro/assets/iconfonts/glyphicons/fonts/glyphicons-halflings-regular.eot]
[www.spruko.com/demo/dashpro/Dashpro/assets/iconfonts/glyphicons/fonts/glyphicons-halflings-regular.woff2]
[www.spruko.com/demo/dashpro/Dashpro/assets/iconfonts/glyphicons/fonts/glyphicons-halflings-regular.woff]
[www.spruko.com/demo/dashpro/Dashpro/assets/iconfonts/glyphicons/fonts/glyphicons-halflings-regular.ttf]
[www.spruko.com/demo/dashpro/Dashpro/assets/iconfonts/glyphicons/glyphicon.css]
[www.spruko.com/demo/dashpro/Dashpro/assets/iconfonts/icon-list.css]
[www.spruko.com/demo/dashpro/Dashpro/assets/iconfonts/ionicons/fonts/ionicons.eot]
[www.spruko.com/demo/dashpro/Dashpro/assets/iconfonts/ionicons/fonts/ionicons.ttf]
[www.spruko.com/demo/dashpro/Dashpro/assets/iconfonts/ionicons/fonts/ionicons.woff]
[www.spruko.com/demo/dashpro/Dashpro/assets/iconfonts/ionicons/ionicons.css]
[www.spruko.com/demo/dashpro/Dashpro/assets/iconfonts/cryptofont/css/cryptofont.min.css]
[www.spruko.com/demo/dashpro/Dashpro/assets/iconfonts/linearicons/fonts/Linearicons-Free.eot]
[www.spruko.com/demo/dashpro/Dashpro/assets/iconfonts/linearicons/fonts/Linearicons-Free.woff2]
[www.spruko.com/demo/dashpro/Dashpro/assets/iconfonts/linearicons/fonts/Linearicons-Free.woff]
[www.spruko.com/demo/dashpro/Dashpro/assets/iconfonts/linearicons/fonts/Linearicons-Free.ttf]
[www.spruko.com/demo/dashpro/Dashpro/assets/iconfonts/linearicons/Linearicons.css]
[www.spruko.com/demo/dashpro/Dashpro/assets/iconfonts/materialdesignicons/fonts/materialdesignicons-webfont.eot]
[www.spruko.com/demo/dashpro/Dashpro/assets/iconfonts/materialdesignicons/fonts/materialdesignicons-webfont.woff2]
[www.spruko.com/demo/dashpro/Dashpro/assets/iconfonts/materialdesignicons/fonts/Material-Design-Iconic-Fontd1f1.woff2]
[www.spruko.com/demo/dashpro/Dashpro/assets/iconfonts/materialdesignicons/fonts/Material-Design-Iconic-Fontd1f1.woff]
[www.spruko.com/demo/dashpro/Dashpro/assets/iconfonts/materialdesignicons/fonts/Material-Design-Iconic-Fontd1f1.ttf]
[www.spruko.com/demo/dashpro/Dashpro/assets/iconfonts/materialdesignicons/materialdesignicons.css]
[www.spruko.com/demo/dashpro/Dashpro/assets/iconfonts/pe-icon-7-stroke/fonts/Pe-icon-7-stroke.eot]
[www.spruko.com/demo/dashpro/Dashpro/assets/iconfonts/pe-icon-7-stroke/fonts/Pe-icon-7-stroke.woff]
[www.spruko.com/demo/dashpro/Dashpro/assets/iconfonts/pe-icon-7-stroke/fonts/Pe-icon-7-stroke.ttf]
[www.spruko.com/demo/dashpro/Dashpro/assets/iconfonts/pe-icon-7-stroke/Pe-icon-7.css]
[www.spruko.com/demo/dashpro/Dashpro/assets/iconfonts/simple-line-icons/fonts/Simple-Line-Icons.eot]
[www.spruko.com/demo/dashpro/Dashpro/assets/iconfonts/simple-line-icons/fonts/Simple-Line-Icons.woff2]
[www.spruko.com/demo/dashpro/Dashpro/assets/iconfonts/simple-line-icons/fonts/Simple-Line-Icons.ttf]
[www.spruko.com/demo/dashpro/Dashpro/assets/iconfonts/simple-line-icons/fonts/Simple-Line-Icons.woff]
[www.spruko.com/demo/dashpro/Dashpro/assets/iconfonts/simple-line-icons/simple-line-icons.css]
[www.spruko.com/demo/dashpro/Dashpro/assets/iconfonts/themify/fonts/themify.eot]
[www.spruko.com/demo/dashpro/Dashpro/assets/iconfonts/themify/fonts/themify.woff]
[www.spruko.com/demo/dashpro/Dashpro/assets/iconfonts/themify/fonts/themify.ttf]
[www.spruko.com/demo/dashpro/Dashpro/assets/iconfonts/themify/themify.css]
[www.spruko.com/demo/dashpro/Dashpro/assets/iconfonts/typicons/fonts/typicons.eot]
[www.spruko.com/demo/dashpro/Dashpro/assets/iconfonts/typicons/fonts/typicons.woff]
[www.spruko.com/demo/dashpro/Dashpro/assets/iconfonts/typicons/fonts/typicons.ttf]
[www.spruko.com/demo/dashpro/Dashpro/assets/iconfonts/typicons/typicons.css]
[www.spruko.com/demo/dashpro/Dashpro/assets/iconfonts/weathericons/fonts/weathericons-regular-webfont.eot]
[www.spruko.com/demo/dashpro/Dashpro/assets/iconfonts/weathericons/fonts/weathericons-regular-webfont.woff2]
[www.spruko.com/demo/dashpro/Dashpro/assets/iconfonts/weathericons/fonts/weathericons-regular-webfont.woff]
[www.spruko.com/demo/dashpro/Dashpro/assets/iconfonts/weathericons/fonts/weathericons-regular-webfont.ttf]
[www.spruko.com/demo/dashpro/Dashpro/assets/iconfonts/weathericons/weathericons.css]
[www.spruko.com/demo/dashpro/Dashpro/assets/iconfonts/feather/fonts/feather-webfont.eot]
[www.spruko.com/demo/dashpro/Dashpro/assets/iconfonts/feather/fonts/feather-webfont.woff]
[www.spruko.com/demo/dashpro/Dashpro/assets/iconfonts/feather/fonts/feather-webfont.ttf]
[www.spruko.com/demo/dashpro/Dashpro/assets/iconfonts/feather/feather.css]
[www.spruko.com/demo/dashpro/Dashpro/assets/iconfonts/boxicons/fonts/boxicons.eot]
[www.spruko.com/demo/dashpro/Dashpro/assets/iconfonts/boxicons/fonts/boxicons.woff2]
[www.spruko.com/demo/dashpro/Dashpro/assets/iconfonts/boxicons/fonts/boxicons.woff]
[www.spruko.com/demo/dashpro/Dashpro/assets/iconfonts/boxicons/fonts/boxicons.ttf]
[www.spruko.com/demo/dashpro/Dashpro/assets/iconfonts/boxicons/boxicons.css]
[www.spruko.com/demo/dashpro/Dashpro/assets/iconfonts/line-awesome/fonts/la-brands-400.eot]
[www.spruko.com/demo/dashpro/Dashpro/assets/iconfonts/line-awesome/fonts/la-brands-400d41d.eot]
[www.spruko.com/demo/dashpro/Dashpro/assets/iconfonts/line-awesome/fonts/la-brands-400.woff2]
[www.spruko.com/demo/dashpro/Dashpro/assets/iconfonts/line-awesome/fonts/la-brands-400.woff]
[www.spruko.com/demo/dashpro/Dashpro/assets/iconfonts/line-awesome/fonts/la-brands-400.ttf]
[www.spruko.com/demo/dashpro/Dashpro/assets/iconfonts/line-awesome/fonts/la-regular-400.eot]
[www.spruko.com/demo/dashpro/Dashpro/assets/iconfonts/line-awesome/fonts/la-regular-400d41d.eot]
[www.spruko.com/demo/dashpro/Dashpro/assets/iconfonts/line-awesome/fonts/la-regular-400.woff2]
[www.spruko.com/demo/dashpro/Dashpro/assets/iconfonts/line-awesome/fonts/la-regular-400.woff]
[www.spruko.com/demo/dashpro/Dashpro/assets/iconfonts/line-awesome/fonts/la-regular-400.ttf]
[www.spruko.com/demo/dashpro/Dashpro/assets/iconfonts/line-awesome/fonts/la-solid-900.eot]
[www.spruko.com/demo/dashpro/Dashpro/assets/iconfonts/line-awesome/fonts/la-solid-900d41d.eot]
[www.spruko.com/demo/dashpro/Dashpro/assets/iconfonts/line-awesome/fonts/la-solid-900.woff2]
[www.spruko.com/demo/dashpro/Dashpro/assets/iconfonts/line-awesome/fonts/la-solid-900.woff]
[www.spruko.com/demo/dashpro/Dashpro/assets/iconfonts/line-awesome/fonts/la-solid-900.ttf]
[www.spruko.com/demo/dashpro/Dashpro/assets/iconfonts/line-awesome/line-awesome.css]
[www.spruko.com/demo/dashpro/Dashpro/assets/iconfonts/IcoMoon/IcoMoon.css]
[www.spruko.com/demo/dashpro/Dashpro/assets/plugins/gallery/fonts/lgd641.eot]
[www.spruko.com/demo/dashpro/Dashpro/assets/plugins/gallery/fonts/lgd41d.eot]
[www.spruko.com/demo/dashpro/Dashpro/assets/plugins/gallery/fonts/lgd641.woff]
[www.spruko.com/demo/dashpro/Dashpro/assets/plugins/gallery/fonts/lgd641.ttf]
[www.spruko.com/demo/dashpro/Dashpro/assets/plugins/gallery/loading.gif]
[www.spruko.com/demo/dashpro/Dashpro/assets/plugins/gallery/gallery.css]
[www.spruko.com/demo/dashpro/Dashpro/assets/plugins/multipleselect/multiple-select.css]
[www.spruko.com/demo/dashpro/Dashpro/assets/plugins/prism/prism.css]
[www.spruko.com/demo/dashpro/Dashpro/assets/plugins/wysiwyag/richtext.css]
[www.spruko.com/demo/dashpro/Dashpro/assets/plugins/bootstrap-daterangepicker/daterangepicker.css]
[www.spruko.com/demo/dashpro/Dashpro/assets/plugins/spectrum-colorpicker/spectrum.css]
[www.spruko.com/demo/dashpro/Dashpro/assets/plugins/ion-rangeslider/css/ion.rangeSlider.css]
[www.spruko.com/demo/dashpro/Dashpro/assets/plugins/ion-rangeslider/css/ion.rangeSlider.skinFlat.css]
[www.spruko.com/demo/dashpro/Dashpro/assets/plugins/fileuploads/css/fileupload.css]
[www.spruko.com/demo/dashpro/Dashpro/assets/plugins/fancyuploder/fancy_upload.png]
[www.spruko.com/demo/dashpro/Dashpro/assets/plugins/fancyuploder/fancy_microphone.png]
[www.spruko.com/demo/dashpro/Dashpro/assets/plugins/fancyuploder/fancy_webcam.png]
[www.spruko.com/demo/dashpro/Dashpro/assets/plugins/fancyuploder/fancy_okay.png]
[www.spruko.com/demo/dashpro/Dashpro/assets/plugins/fancyuploder/fancy_remove.png]
[www.spruko.com/demo/dashpro/Dashpro/assets/plugins/fancyuploder/fancy_fileupload.css]
[www.spruko.com/demo/dashpro/Dashpro/assets/plugins/telephoneinput/img/flags16.png]
[www.spruko.com/demo/dashpro/Dashpro/assets/plugins/telephoneinput/telephoneinput.css]
[www.spruko.com/demo/dashpro/Dashpro/assets/plugins/quill/quill.snow.css]
[www.spruko.com/demo/dashpro/Dashpro/assets/plugins/quill/quill.bubble.css]
[www.spruko.com/demo/dashpro/Dashpro/assets/plugins/summernote/font/summernote.eot]
[www.spruko.com/demo/dashpro/Dashpro/assets/plugins/summernote/font/summernoted41d.eot]
[www.spruko.com/demo/dashpro/Dashpro/assets/plugins/summernote/font/summernote.woff2]
[www.spruko.com/demo/dashpro/Dashpro/assets/plugins/summernote/font/summernote.woff]
[www.spruko.com/demo/dashpro/Dashpro/assets/plugins/summernote/font/summernote.ttf]
[www.spruko.com/demo/dashpro/Dashpro/assets/plugins/summernote/summernote-bs4.css]
[www.spruko.com/demo/dashpro/Dashpro/assets/plugins/morris.js/morris.css]
[www.spruko.com/demo/dashpro/Dashpro/assets/plugins/fullcalendar/fullcalendar.css]
[www.spruko.com/demo/dashpro/Dashpro/assets/plugins/fullcalendar/fullcalendar.print.min.css]
[www.spruko.com/demo/dashpro/Dashpro/assets/plugins/lightslider/img/controls.png]
[www.spruko.com/demo/dashpro/Dashpro/assets/plugins/lightslider/css/lightslider.min.css]
[www.spruko.com/demo/dashpro/Dashpro/assets/plugins/inputtags/inputtags.css]
[www.spruko.com/demo/dashpro/Dashpro/assets/plugins/jqvmap/jqvmap.min.css]
[www.spruko.com/demo/dashpro/Dashpro/assets/plugins/owl-carousel/owl.carousel.css]
[www.spruko.com/demo/dashpro/Dashpro/assets/plugins/multislider/multislider.css]
[www.spruko.com/demo/dashpro/Dashpro/assets/plugins/model-datepicker/css/datepicker.css]
[www.spruko.com/demo/dashpro/Dashpro/assets/plugins/darggable/jquery-ui-darggable.css]
[www.spruko.com/demo/dashpro/Dashpro/assets/plugins/sweet-alert/sweetalert.css]
[www.spruko.com/demo/dashpro/Dashpro/assets/plugins/rating/ratings.css]
[www.spruko.com/demo/dashpro/Dashpro/assets/plugins/rating/themes/bars-1to10.css]
[www.spruko.com/demo/dashpro/Dashpro/assets/plugins/rating/themes/bars-movie.css]
[www.spruko.com/demo/dashpro/Dashpro/assets/plugins/rating/themes/bars-square.css]
[www.spruko.com/demo/dashpro/Dashpro/assets/plugins/rating/themes/bars-pill.css]
[www.spruko.com/demo/dashpro/Dashpro/assets/plugins/rating/themes/bars-reversed.css]
[www.spruko.com/demo/dashpro/Dashpro/assets/plugins/rating/themes/bars-horizontal.css]
[www.spruko.com/demo/dashpro/Dashpro/assets/plugins/rating/themes/fontawesome-stars.css]
[www.spruko.com/demo/dashpro/Dashpro/assets/plugins/rating/themes/css-stars.css]
[www.spruko.com/demo/dashpro/Dashpro/assets/plugins/rating/themes/bootstrap-stars.css]
[www.spruko.com/demo/dashpro/Dashpro/assets/plugins/rating/themes/fontawesome-stars-o.css]
[www.spruko.com/demo/dashpro/Dashpro/assets/plugins/jquery-countdown/jquery.countdown.css]
[www.spruko.com/demo/dashpro/Dashpro/assets/iconfonts/font-awesome/css/fa-brands-400.svg]
[www.spruko.com/demo/dashpro/Dashpro/assets/iconfonts/font-awesome/css/fa-regular-400.svg]
[www.spruko.com/demo/dashpro/Dashpro/assets/iconfonts/font-awesome/css/fa-solid-900.svg]
[www.spruko.com/demo/dashpro/Dashpro/assets/iconfonts/glyphicons/fonts/glyphicons-halflings-regular.svg]
[www.spruko.com/demo/dashpro/Dashpro/assets/iconfonts/ionicons/fonts/ionicons.svg]
[www.spruko.com/demo/dashpro/Dashpro/assets/iconfonts/linearicons/fonts/Linearicons-Free.svg]
[www.spruko.com/demo/dashpro/Dashpro/assets/iconfonts/pe-icon-7-stroke/fonts/Pe-icon-7-stroke.svg]
[www.spruko.com/demo/dashpro/Dashpro/assets/iconfonts/simple-line-icons/fonts/Simple-Line-Icons.svg]
[www.spruko.com/demo/dashpro/Dashpro/assets/iconfonts/themify/fonts/themify.svg]
[www.spruko.com/demo/dashpro/Dashpro/assets/iconfonts/typicons/fonts/typicons.svg]
[www.spruko.com/demo/dashpro/Dashpro/assets/iconfonts/weathericons/fonts/weathericons-regular-webfont.svg]
[www.spruko.com/demo/dashpro/Dashpro/assets/iconfonts/feather/fonts/feather-webfont.svg]
[www.spruko.com/demo/dashpro/Dashpro/assets/iconfonts/boxicons/fonts/boxicons.svg]
[www.spruko.com/demo/dashpro/Dashpro/assets/iconfonts/line-awesome/fonts/la-brands-400.svg]
[www.spruko.com/demo/dashpro/Dashpro/assets/iconfonts/line-awesome/fonts/la-regular-400.svg]
[www.spruko.com/demo/dashpro/Dashpro/assets/iconfonts/line-awesome/fonts/la-solid-900.svg]
[www.spruko.com/demo/dashpro/Dashpro/assets/plugins/gallery/fonts/lgd641.svg]
[www.spruko.com/demo/dashpro/Dashpro/HTML-LTR/Horizontal-light/twitter.com/spruko.html]
[www.spruko.com/demo/dashpro/Dashpro/HTML-LTR/Horizontal-light/assets/img/media/11.html]
[www.spruko.com/demo/dashpro/Dashpro/HTML-LTR/Horizontal-light/assets/img/media/13.html]
[www.spruko.com/demo/dashpro/Dashpro/HTML-LTR/Horizontal-light/.html]
[www.spruko.com/demo/dashpro/Dashpro/assets/iconfonts/materialdesignicons/fonts/materialdesignicons/materialdesignicons-webfont.html]
[www.spruko.com/demo/dashpro/Dashpro/assets/iconfonts/materialdesignicons/fonts/materialdesignicons/materialdesignicons-webfont-2.html]
[www.spruko.com/demo/dashpro/Dashpro/assets/iconfonts/materialdesignicons/fonts/materialdesignicons/materialdesignicons-webfont-3.html]
[www.spruko.com/demo/dashpro/Dashpro/assets/plugins/img/vimeo-play.html]
[www.spruko.com/demo/dashpro/Dashpro/assets/plugins/img/video-play.html]
[www.spruko.com/demo/dashpro/Dashpro/assets/plugins/img/youtube-play.html]
[www.spruko.com/demo/dashpro/Dashpro/assets/plugins/owl-carousel/owl.video.play.html]
[www.spruko.com/demo/dashpro/Dashpro/assets/images/faces/female/6.html]
[www.spruko.com/demo/dashpro/Dashpro/assets/images/faces/male/13.html]
[www.spruko.com/demo/dashpro/Dashpro/assets/images/faces/female/15.html]
[www.spruko.com/demo/dashpro/Dashpro/assets/plugins/darggable/images/ui-icons_444444_256x240.html]
[www.spruko.com/demo/dashpro/Dashpro/assets/plugins/darggable/images/ui-icons_555555_256x240.html]
[www.spruko.com/demo/dashpro/Dashpro/assets/plugins/darggable/images/ui-icons_ffffff_256x240.html]
[www.spruko.com/demo/dashpro/Dashpro/assets/plugins/darggable/images/ui-icons_777620_256x240.html]
[www.spruko.com/demo/dashpro/Dashpro/assets/plugins/darggable/images/ui-icons_cc0000_256x240.html]
[www.spruko.com/demo/dashpro/Dashpro/assets/plugins/darggable/images/ui-icons_777777_256x240.html]
